// Jest Snapshot v1, https://goo.gl/fbAQLP

exports[`IconButtonStory Test Should render IconButtonStory component 1`] = `
<div
  className="root undefined"
>
  <span
    className="h5"
  >
    Close Icon Button
  </span>
  <br />
  <button
    aria-label="Close Button"
    className="root "
  >
    <svg
      fill="none"
      height={24}
      stroke="currentColor"
      strokeLinecap="round"
      strokeLinejoin="round"
      strokeWidth="2"
      viewBox="0 0 24 24"
      width={24}
      xmlns="http://www.w3.org/2000/svg"
    >
      <circle
        cx="12"
        cy="12"
        r="10"
      />
      <line
        x1="15"
        x2="9"
        y1="9"
        y2="15"
      />
      <line
        x1="9"
        x2="15"
        y1="9"
        y2="15"
      />
    </svg>
  </button>
  <br />
  <span
    className="h5"
  >
    Menu Icon Button
  </span>
  <br />
  <button
    aria-label="Toggle Menu Button"
    className="root "
  >
    <svg
      fill="none"
      height={24}
      stroke="currentColor"
      strokeLinecap="round"
      strokeLinejoin="round"
      strokeWidth="2"
      viewBox="0 0 24 24"
      width={24}
      xmlns="http://www.w3.org/2000/svg"
    >
      <line
        x1="3"
        x2="21"
        y1="12"
        y2="12"
      />
      <line
        x1="3"
        x2="21"
        y1="6"
        y2="6"
      />
      <line
        x1="3"
        x2="21"
        y1="18"
        y2="18"
      />
    </svg>
  </button>
  <br />
  <span
    className="h5"
  >
    Theme Toggle
  </span>
  <br />
  <button
    aria-label="Switch to Day Theme Button"
    className="root "
    onClick={[Function]}
    title="Switch to Day Theme Button"
  >
    <svg
      fill="none"
      height={24}
      stroke="currentColor"
      strokeLinecap="round"
      strokeLinejoin="round"
      strokeWidth="2"
      viewBox="0 0 24 24"
      width={24}
      xmlns="http://www.w3.org/2000/svg"
    >
      <path
        d="M21 12.79A9 9 0 1 1 11.21 3 7 7 0 0 0 21 12.79z"
      />
    </svg>
  </button>
  <br />
  <span
    className="h5"
  >
    Disabled
  </span>
  <br />
  <button
    aria-label="Switch to Day Theme Button"
    className="root "
    disabled={true}
    onClick={[Function]}
    title="Switch to Day Theme Button"
  >
    <svg
      fill="none"
      height={24}
      stroke="currentColor"
      strokeLinecap="round"
      strokeLinejoin="round"
      strokeWidth="2"
      viewBox="0 0 24 24"
      width={24}
      xmlns="http://www.w3.org/2000/svg"
    >
      <path
        d="M21 12.79A9 9 0 1 1 11.21 3 7 7 0 0 0 21 12.79z"
      />
    </svg>
  </button>
</div>
`;
