// Jest Snapshot v1, https://goo.gl/fbAQLP

exports[`Modal Test Should render Modal component 1`] = `
<aside
  id="__AUTOFICA_MODAL_CONTAINER"
>
  <div
    class="root invisibleRoot"
  >
    <div
      class="contentContainer "
    >
      <div
        class="root card "
      >
        <div>
          <div>
            <button
              aria-label="Close Modal Button"
              class="root "
              style="margin-left: auto; display: block; position: absolute; top: 10px; right: 10px;"
            >
              <svg
                fill="none"
                height="24"
                stroke="currentColor"
                stroke-linecap="round"
                stroke-linejoin="round"
                stroke-width="2"
                viewBox="0 0 24 24"
                width="24"
                xmlns="http://www.w3.org/2000/svg"
              >
                <circle
                  cx="12"
                  cy="12"
                  r="10"
                />
                <line
                  x1="15"
                  x2="9"
                  y1="9"
                  y2="15"
                />
                <line
                  x1="9"
                  x2="15"
                  y1="9"
                  y2="15"
                />
              </svg>
            </button>
          </div>
          <span
            class="h3"
          >
            hellop
          </span>
          <div
            class="root"
          />
          <br />
          <span
            class="p"
          >
            "Lorem ipsum dolor sit amet, consectetur adipiscing elit, sed do eiusmod tempor incididunt ut labore et dolore magna aliqua. Ut enim ad minim veniam, quis nostrud exercitation ullamco laboris nisi ut aliquip ex ea commodo consequat. Duis aute irure dolor in reprehenderit in voluptate velit esse cillum dolore eu fugiat nulla pariatur. Excepteur sint occaecat cupidatat non proident, sunt in culpa qui officia deserunt mollit anim id est laborum."
          </span>
          <br />
          <button
            class="root "
            style="margin-top: 20px;"
          >
            Hello
          </button>
        </div>
      </div>
    </div>
  </div>
  <button
    class="root "
  >
    Open Modal
  </button>
</aside>
`;
