// Jest Snapshot v1, https://goo.gl/fbAQLP

exports[`ButtonStory Test Should render ButtonStory component 1`] = `
<button
  className="root "
  disabled={false}
>
  Hello
</button>
`;
