// Jest Snapshot v1, https://goo.gl/fbAQLP

exports[`DashboardTemplateStory Test Should render Modal component 1`] = `
<aside
  id="__AUTOFICA_MODAL_CONTAINER"
>
  <div
    class="root invisibleRoot"
  >
    <div
      class="contentContainer "
    >
      <div
        class="root card "
      >
        <div>
          <div>
            <button
              aria-label="Close Modal Button"
              class="root "
              style="margin-left: auto; display: block; position: absolute; top: 10px; right: 10px;"
            >
              <svg
                fill="none"
                height="24"
                stroke="currentColor"
                stroke-linecap="round"
                stroke-linejoin="round"
                stroke-width="2"
                viewBox="0 0 24 24"
                width="24"
                xmlns="http://www.w3.org/2000/svg"
              >
                <circle
                  cx="12"
                  cy="12"
                  r="10"
                />
                <line
                  x1="15"
                  x2="9"
                  y1="9"
                  y2="15"
                />
                <line
                  x1="9"
                  x2="15"
                  y1="9"
                  y2="15"
                />
              </svg>
            </button>
          </div>
          <span
            class="h3"
          >
            hellop
          </span>
          <div
            class="root"
          />
          <br />
          <span
            class="p"
          >
            "Lorem ipsum dolor sit amet, consectetur adipiscing elit, sed do eiusmod tempor incididunt ut labore et dolore magna aliqua. Ut enim ad minim veniam, quis nostrud exercitation ullamco laboris nisi ut aliquip ex ea commodo consequat. Duis aute irure dolor in reprehenderit in voluptate velit esse cillum dolore eu fugiat nulla pariatur. Excepteur sint occaecat cupidatat non proident, sunt in culpa qui officia deserunt mollit anim id est laborum."
          </span>
          <br />
          <button
            class="root "
            style="margin-top: 20px;"
          >
            Hello
          </button>
        </div>
      </div>
    </div>
  </div>
  <nav
    aria-label="Autofica"
    class="root "
  >
    <div
      class="root  fullWidthRoot"
    >
      <ul
        class="menu"
        role="menu"
      >
        <li
          class="root leftOrCenterItem rightOrCenterItem  headerResponsiveLogo"
        >
          <a
            href="/"
            role="menuitem"
          >
            <img
              alt="HEADER LOGO"
              src="/autofica-defi-day-logo.svg"
            />
          </a>
        </li>
        <li
          class="root desktopNavItem"
          role="none"
        >
          <a
            class="content"
            href="#"
          >
            Loan Manager
            
          </a>
          
        </li>
        <li
          class="root desktopNavItem"
          role="none"
        >
          <a
            class="content"
            href="#"
          >
            Whitepaper
            
          </a>
          
        </li>
        <li
          aria-label="Mobile navigation menu toggle"
          class="root rightPositionedItem menuReponsiveIcon"
          id="Mobile Menu"
        >
          <a
            aria-expanded="false"
            href="#"
          >
            <svg
              fill="none"
              height="24"
              stroke="white"
              stroke-linecap="round"
              stroke-linejoin="round"
              stroke-width="2"
              viewBox="0 0 24 24"
              width="24"
              xmlns="http://www.w3.org/2000/svg"
            >
              <line
                x1="3"
                x2="21"
                y1="12"
                y2="12"
              />
              <line
                x1="3"
                x2="21"
                y1="6"
                y2="6"
              />
              <line
                x1="3"
                x2="21"
                y1="18"
                y2="18"
              />
            </svg>
          </a>
        </li>
      </ul>
      <div
        aria-labeledby="Mobile Menu"
        class="root fullScreenMenyReponsive hiddenMenu"
        role="menu"
      >
        <li
          class="root"
        >
          <a
            class="content"
            href="#"
          >
            Loan Manager
          </a>
        </li>
        <li
          class="root"
        >
          <a
            class="content"
            href="#"
          >
            Whitepaper
          </a>
        </li>
      </div>
    </div>
  </nav>
  <div>
    <div
      class="root root "
    >
      <div
        class="optionsCol "
      >
        <ul
          class="root "
        >
          <div
            class="buttonContainer"
          >
            <button
              class="root buttonOverride"
            >
              <svg
                class="walletButtonIcon"
                fill="none"
                height="22"
                stroke="currentColor"
                stroke-linecap="round"
                stroke-linejoin="round"
                stroke-width="2"
                viewBox="0 0 24 24"
                width="22"
                xmlns="http://www.w3.org/2000/svg"
              >
                <path
                  d="M10.29 3.86L1.82 18a2 2 0 0 0 1.71 3h16.94a2 2 0 0 0 1.71-3L13.71 3.86a2 2 0 0 0-3.42 0z"
                />
                <line
                  x1="12"
                  x2="12"
                  y1="9"
                  y2="13"
                />
                <line
                  x1="12"
                  x2="12.01"
                  y1="17"
                  y2="17"
                />
              </svg>
              <span
                class="walletText"
              >
                Not connected
              </span>
            </button>
          </div>
          <li
            class="root "
          >
            <a
              class="anchor  activeElement"
              href="#"
            >
              <svg
                fill="none"
                height="24"
                stroke="currentColor"
                stroke-linecap="round"
                stroke-linejoin="round"
                stroke-width="2"
                viewBox="0 0 24 24"
                width="24"
                xmlns="http://www.w3.org/2000/svg"
              >
                <path
                  d="M1 12s4-8 11-8 11 8 11 8-4 8-11 8-11-8-11-8z"
                />
                <circle
                  cx="12"
                  cy="12"
                  r="3"
                />
              </svg>
              <span
                class="optionText"
              >
                Loans Overview
              </span>
            </a>
          </li>
          <li
            class="root "
          >
            <a
              class="anchor  nonActiveElement"
              href="#"
            >
              <svg
                fill="none"
                height="24"
                stroke="currentColor"
                stroke-linecap="round"
                stroke-linejoin="round"
                stroke-width="2"
                viewBox="0 0 24 24"
                width="24"
                xmlns="http://www.w3.org/2000/svg"
              >
                <circle
                  cx="12"
                  cy="12"
                  r="10"
                />
                <polyline
                  points="12 8 8 12 12 16"
                />
                <line
                  x1="16"
                  x2="8"
                  y1="12"
                  y2="12"
                />
              </svg>
              <span
                class="optionText"
              >
                Borrow
              </span>
            </a>
          </li>
          <li
            class="root "
          >
            <a
              class="anchor  nonActiveElement"
              href="#"
            >
              <svg
                fill="none"
                height="24"
                stroke="currentColor"
                stroke-linecap="round"
                stroke-linejoin="round"
                stroke-width="2"
                viewBox="0 0 24 24"
                width="24"
                xmlns="http://www.w3.org/2000/svg"
              >
                <line
                  x1="12"
                  x2="12"
                  y1="1"
                  y2="23"
                />
                <path
                  d="M17 5H9.5a3.5 3.5 0 0 0 0 7h5a3.5 3.5 0 0 1 0 7H6"
                />
              </svg>
              <span
                class="optionText"
              >
                Payback
              </span>
            </a>
          </li>
          <li
            class="root "
          >
            <a
              class="anchor  nonActiveElement"
              href="#"
            >
              <svg
                fill="none"
                height="24"
                stroke="currentColor"
                stroke-linecap="round"
                stroke-linejoin="round"
                stroke-width="2"
                viewBox="0 0 24 24"
                width="24"
                xmlns="http://www.w3.org/2000/svg"
              >
                <line
                  x1="12"
                  x2="12"
                  y1="19"
                  y2="5"
                />
                <polyline
                  points="5 12 12 5 19 12"
                />
              </svg>
              <span
                class="optionText"
              >
                Withdraw Collateral
              </span>
            </a>
          </li>
          <li
            class="root "
          >
            <a
              class="anchor  nonActiveElement"
              href="#"
            >
              <svg
                fill="none"
                height="24"
                stroke="currentColor"
                stroke-linecap="round"
                stroke-linejoin="round"
                stroke-width="2"
                viewBox="0 0 24 24"
                width="24"
                xmlns="http://www.w3.org/2000/svg"
              >
                <path
                  d="M21 2l-2 2m-7.61 7.61a5.5 5.5 0 1 1-7.778 7.778 5.5 5.5 0 0 1 7.777-7.777zm0 0L15.5 7.5m0 0l3 3L22 7l-3-3m-3.5 3.5L19 4"
                />
              </svg>
              <span
                class="optionText"
              >
                Deposit
              </span>
            </a>
          </li>
        </ul>
      </div>
      <div
        class="mainCol "
      >
        <div>
          <span
            class="h3"
            style="padding: 30px;"
          >
            Main Content
          </span>
          <button
            class="root "
          >
            Open Modal
          </button>
        </div>
      </div>
    </div>
  </div>
</aside>
`;
